[www.qs.com/index.html]
[backblue.gif]
[fade.gif]
[index.html]
[www.qs.com/wp-content/uploads/2017/06/favicon.jpg]
[www.qs.com/comments/feed/index.html]
[www.qs.com/feed/index.html]
[www.qs.com/wp-content/uploads/2017/06/qs-logo-57x57.png]
[www.qs.com/events/indexedf3.html]
[www.qs.com/wp-content/uploads/2017/06/qs-logo-114x114.png]
[www.qs.com/wp-content/uploads/2017/06/qs-logo-72x72.png]
[www.qs.com/wp-content/uploads/2017/06/qs-logo-144x144.png]
[www.qs.com/wp-content/plugins/apply-online/public/css/applyonline-public055b.css]
[www.qs.com/home-sample/feed/index.html]
[code.jquery.com/ui/1.12.1/themes/base/jquery-ui.mincbf4.css]
[www.qs.com/wp-content/plugins/LayerSlider/static/layerslider/css/layerslider9704.css]
[www.qs.com/wp-includes/css/dashicons.mincbf4.css]
[www.qs.com/wp-content/plugins/cookie-law-info/css/cli-stylee225.css]
[www.qs.com/wp-content/plugins/feedzy-rss-feeds/css/feedzy-rss-feedsc092.css]
[www.qs.com/wp-content/plugins/the-events-calendar/src/resources/css/tribe-events-full.minc1dd.css]
[www.qs.com/wp-content/plugins/the-events-calendar/src/resources/css/tribe-events-full-mobile.minc1dd.css]
[www.qs.com/wp-content/plugins/fusion-core/css/style.mincbf4.css]
[www.qs.com/wp-content/themes/Avada/assets/css/style.min7923.css]
[www.qs.com/wp-content/themes/Avada-Child-Theme/stylecbf4.css]
[www.qs.com/wp-content/themes/Avada-Child-Theme/css/iecbf4.css]
[www.qs.com/wp-content/themes/Avada/includes/lib/assets/fonts/fontawesome/font-awesome7923.css]
[www.qs.com/wp-content/plugins/fusion-builder/css/fusion-shortcodese7f0.css]
[www.qs.com/wp-content/plugins/fusion-builder/assets/css/animationse7f0.css]
[www.qs.com/wp-content/plugins/fusion-builder/assets/css/ilightboxe7f0.css]
[www.qs.com/wp-content/plugins/tablepress/css/default.min3aa8.css]
[www.qs.com/wp-content/plugins/LayerSlider/static/layerslider/js/greensockb3a6.js]
[www.qs.com/wp-includes/js/jquery/jquery-migrate.min330a.js]
[www.qs.com/wp-includes/js/jquery/ui/core.mine899.js]
[www.qs.com/wp-content/plugins/LayerSlider/static/layerslider/js/layerslider.transitions9704.js]
[www.qs.com/wp-content/plugins/apply-online/public/js/applyonline-public055b.js]
[www.qs.com/wp-content/plugins/cookie-law-info/js/cookielawinfoe225.js]
[www.qs.com/wp-includes/js/jquery/jqueryb8ff.js]
[www.qs.com/wp-includes/js/jquery/ui/datepicker.mine899.js]
[www.qs.com/wp-content/plugins/marketo-forms-and-tracking/js/wp-marketo8a54.js]
[www.qs.com/wp-content/plugins/duracelltomi-google-tag-manager/js/gtm4wp-form-move-trackerba3a.js]
[www.qs.com/wp-content/plugins/LayerSlider/static/layerslider/js/layerslider.kreaturamedia.jquery9704.js]
[www.qs.com/xmlrpc0db0.php]
[www.qs.com/wp-includes/wlwmanifest.xml]
[www.qs.com/wp-json/oembed/1.0/embed37d5.json]
[www.qs.com/wp-json/index.html]
[www.qs.com/wp-content/themes/Avada-Child-Theme/js/compressed_marketo_form8a54.js]
[www.qs.com/wp-json/oembed/1.0/embede272]
[www.qs.com/wp-content/themes/Avada/assets/images/shadow-top.png]
[www.qs.com/wp-content/themes/Avada/assets/images/shadow-bottom.png]
[www.qs.com/wp-json/tribe/events/v1/index.html]
[www.qs.com/wp-content/themes/Avada/includes/lib/assets/fonts/icomoon/icomoon.eot]
[www.qs.com/wp-content/themes/Avada/includes/lib/assets/fonts/icomoon/icomoon.woff]
[www.qs.com/wp-content/themes/Avada/includes/lib/assets/fonts/icomoon/icomoond41d.eot]
[www.qs.com/wp-content/themes/Avada/includes/lib/assets/fonts/icomoon/icomoon.ttf]
[www.qs.com/wp-content/themes/Avada/includes/lib/assets/fonts/icomoon/icomoon.svg]
[munchkin.marketo.net/munchkin.js]
[www.qs.com/cdn-cgi/l/email-protection.html]
[www.qs.com/wp-content/uploads/2017/05/logo-1.png]
[www.qs.com/students.html]
[www.qs.com/for-institutions/international-office-services/index.html]
[www.qs.com/for-institutions/index.html]
[www.qs.com/for-institutions/admissions-office-services/index.html]
[www.qs.com/for-institutions/marketing-department-services/index.html]
[www.qs.com/cdn-cgi/scripts/5c5dd728/cloudflare-static/email-decode.min.js]
[www.qs.com/for-institutions/office-for-planning-strategy-research/index.html]
[www.qs.com/wp-content/uploads/2018/08/employability-banner.jpg]
[www.qs.com/for-institutions/office-of-vice-chancellor-president-services/index.html]
[www.qs.com/solutions/consulting/index.html]
[www.qs.com/wp-content/uploads/2018/03/iStock-836473842.jpg]
[www.qs.com/solutions/index.html]
[www.qs.com/solutions/crm-solutions/index.html]
[www.qs.com/wp-content/uploads/2017/05/homepage-slide-bg-01.2.jpg]
[www.qs.com/solutions/print-advertising/index.html]
[www.qs.com/solutions/research-intelligence/index.html]
[www.qs.com/wp-content/uploads/2017/05/homepage-slide-bg-03.2.jpg]
[www.qs.com/enrolment-solutions/index.html]
[www.qs.com/wp-content/uploads/2017/05/transparent-objects.png]
[www.qs.com/solutions/higher-education-events/index.html]
[www.qs.com/wp-content/uploads/2017/05/boy.png]
[www.qs.com/wp-content/uploads/2017/05/bg-section-3.jpg]
[www.qs.com/wp-content/uploads/2016/08/Institutions_Replacement2.png]
[www.qs.com/wp-content/uploads/2017/05/bg-section-4.jpg]
[www.qs.com/wp-content/uploads/2018/11/Webinar2F-Reports-31-150x150.png]
[www.qs.com/wp-content/plugins/feedzy-rss-feeds/img/feedzy-default.jpg]
[www.qs.com/wp-content/uploads/2018/11/Webinar2F-Reports-30-150x150.png]
[www.qs.com/wp-content/uploads/2018/04/2018-04-03_13h18_48-150x150.png]
[www.qs.com/wp-content/uploads/2018/04/2018-04-03_11h53_29-1-150x150.png]
[www.qs.com/wp-content/uploads/2016/08/vrij.png]
[www.qs.com/wp-content/uploads/2016/08/hk.jpg]
[www.qs.com/wp-content/uploads/2016/08/ariz.png]
[www.qs.com/wp-content/uploads/2016/08/edin.jpg]
[www.qs.com/wp-content/uploads/2016/08/nott.png]
[www.qs.com/wp-content/uploads/2016/08/Sydney.gif]
[www.qs.com/wp-content/uploads/2016/08/Northeastern-University-.gif]
[www.qs.com/wp-content/uploads/2017/05/bg-section-6.jpg]
[platform.twitter.com/widgets.js]
[www.qs.com/wp-content/themes/Avada/includes/lib/assets/min/js/library/infobox_packed68b3.js]
[www.qs.com/wp-content/uploads/2017/04/logo.png]
[www.google.com/recaptcha/api6c4a.js]
[www.qs.com/wp-content/plugins/cleantalk-spam-protect/js/apbct-publiccf77.js]
[www.qs.com/wp-content/plugins/cleantalk-spam-protect/inc/cleantalk_nocachecf77.js]
[www.qs.com/wp-content/plugins/marketo-forms-and-tracking/js/munchkin8a54.js]
[www.qs.com/wp-includes/js/comment-reply.mincbf4.js]
[www.qs.com/wp-content/plugins/easy-twitter-feed-widget/js/twitter-widgets5152.js]
[www.qs.com/wp-content/themes/Avada/includes/lib/assets/min/js/library/jquery.fitvids4963.js]
[www.qs.com/wp-content/themes/Avada/includes/lib/assets/min/js/library/fusion-video-general68b3.js]
[www.qs.com/wp-content/themes/Avada/includes/lib/assets/min/js/library/jquery.mousewheel7c45.js]
[www.qs.com/wp-content/themes/Avada/includes/lib/assets/min/js/general/fusion-lightbox68b3.js]
[www.qs.com/wp-content/themes/Avada/includes/lib/assets/min/js/library/jquery.ilightbox950a.js]
[www.qs.com/wp-content/themes/Avada/includes/lib/assets/min/js/library/imagesLoaded3a79.js]
[www.qs.com/wp-content/themes/Avada/includes/lib/assets/min/js/library/packery001e.js]
[www.qs.com/wp-content/plugins/fusion-core/js/min/avada-portfolio68b3.js]
[www.qs.com/wp-content/themes/Avada/includes/lib/assets/min/js/library/isotope459e.js]
[www.qs.com/wp-content/plugins/fusion-core/js/min/avada-faqs68b3.js]
[www.qs.com/wp-content/themes/Avada/includes/lib/assets/min/js/library/cssuac93e.js]
[www.qs.com/wp-content/themes/Avada/includes/lib/assets/min/js/library/jquery.infinitescroll53cf.js]
[www.qs.com/wp-content/themes/Avada/includes/lib/assets/min/js/library/jquery.waypointsb95e.js]
[www.qs.com/wp-content/themes/Avada/includes/lib/assets/min/js/general/fusion-waypoints68b3.js]
[www.qs.com/wp-content/plugins/fusion-builder/assets/js/min/general/fusion-animations68b3.js]
[www.qs.com/wp-content/themes/Avada/includes/lib/assets/min/js/library/modernizr3d36.js]
[www.qs.com/wp-content/themes/Avada/includes/lib/assets/min/js/library/jquery.fade68b3.js]
[www.qs.com/wp-content/themes/Avada/includes/lib/assets/min/js/library/jquery.requestAnimationFrame68b3.js]
[www.qs.com/wp-content/themes/Avada/includes/lib/assets/min/js/library/fusion-parallax68b3.js]
[www.qs.com/wp-content/themes/Avada/includes/lib/assets/min/js/library/fusion-video-bg68b3.js]
[www.qs.com/wp-content/plugins/fusion-builder/assets/js/min/general/fusion-container68b3.js]
[www.qs.com/wp-content/themes/Avada/includes/lib/assets/min/js/general/fusion-google-map68b3.js]
[www.qs.com/wp-content/themes/Avada/includes/lib/assets/min/js/library/jquery.fusion_maps605a.js]
[www.qs.com/wp-content/plugins/fusion-builder/assets/js/min/general/fusion-testimonials68b3.js]
[www.qs.com/wp-content/plugins/fusion-builder/assets/js/min/general/fusion-column-bg-image68b3.js]
[www.qs.com/wp-content/themes/Avada/includes/lib/assets/min/js/library/jquery.cycle19ce.js]
[www.qs.com/wp-content/themes/Avada/includes/lib/assets/min/js/general/fusion-equal-heights68b3.js]
[www.qs.com/wp-content/plugins/fusion-builder/assets/js/min/general/fusion-column68b3.js]
[www.qs.com/wp-content/plugins/fusion-builder/assets/js/min/general/fusion-gallery68b3.js]
[www.qs.com/wp-content/themes/Avada/includes/lib/assets/min/js/library/bootstrap.collapseb12b.js]
[www.qs.com/wp-content/plugins/fusion-builder/assets/js/min/general/fusion-toggles68b3.js]
[www.qs.com/wp-content/plugins/fusion-builder/assets/js/min/library/jquery.countdown5152.js]
[www.qs.com/wp-content/plugins/fusion-builder/assets/js/min/general/fusion-countdown68b3.js]
[www.qs.com/wp-content/themes/Avada/includes/lib/assets/min/js/library/bootstrap.modalb12b.js]
[www.qs.com/wp-content/plugins/fusion-builder/assets/js/min/general/fusion-modal68b3.js]
[www.qs.com/wp-content/plugins/fusion-builder/assets/js/min/general/fusion-title68b3.js]
[www.qs.com/wp-content/plugins/fusion-builder/assets/js/min/general/fusion-flip-boxes68b3.js]
[www.qs.com/wp-content/plugins/fusion-builder/assets/js/min/general/fusion-events68b3.js]
[www.qs.com/wp-content/plugins/fusion-builder/assets/js/min/library/jquery.countTo68b3.js]
[www.qs.com/wp-content/themes/Avada/includes/lib/assets/min/js/library/jquery.easyPieCharte7f3.js]
[www.qs.com/wp-content/themes/Avada/includes/lib/assets/min/js/library/jquery.appear68b3.js]
[www.qs.com/wp-content/plugins/fusion-builder/assets/js/min/general/fusion-counters-circle68b3.js]
[www.qs.com/wp-content/themes/Avada/includes/lib/assets/min/js/library/bootstrap.transitione485.js]
[www.qs.com/wp-content/themes/Avada/includes/lib/assets/min/js/library/bootstrap.tabb12b.js]
[www.qs.com/wp-content/plugins/fusion-builder/assets/js/min/general/fusion-tabs68b3.js]
[www.qs.com/wp-content/plugins/fusion-builder/assets/js/min/general/fusion-counters-box68b3.js]
[www.qs.com/wp-content/plugins/fusion-builder/assets/js/min/general/fusion-progress68b3.js]
[www.qs.com/wp-content/plugins/fusion-builder/assets/js/min/general/fusion-content-boxes68b3.js]
[www.qs.com/wp-content/themes/Avada/includes/lib/assets/min/js/library/Froogaloop68b3.js]
[www.qs.com/wp-content/plugins/fusion-builder/assets/js/min/general/fusion-video68b3.js]
[www.qs.com/wp-content/themes/Avada/includes/lib/assets/min/js/library/jquery.hoverintent68b3.js]
[www.qs.com/wp-content/themes/Avada/assets/min/js/general/avada-vertical-menu-widget68b3.js]
[www.qs.com/wp-content/themes/Avada/includes/lib/assets/min/js/library/bootstrap.popover46df.js]
[www.qs.com/wp-content/themes/Avada/includes/lib/assets/min/js/library/bootstrap.tooltip46df.js]
[www.qs.com/wp-content/themes/Avada/includes/lib/assets/min/js/library/jquery.easing4e44.js]
[www.qs.com/wp-content/themes/Avada/includes/lib/assets/min/js/library/jquery.flexslider605a.js]
[www.qs.com/wp-content/themes/Avada/includes/lib/assets/min/js/library/jquery.carouFredSelf731.js]
[www.qs.com/wp-content/themes/Avada/includes/lib/assets/min/js/library/jquery.hoverflow68b3.js]
[www.qs.com/wp-content/themes/Avada/includes/lib/assets/min/js/library/jquery.placeholder5d0a.js]
[www.qs.com/wp-content/themes/Avada/includes/lib/assets/min/js/general/fusion-alert68b3.js]
[www.qs.com/wp-content/themes/Avada/includes/lib/assets/min/js/library/jquery.touchSwipe7514.js]
[www.qs.com/wp-content/themes/Avada/includes/lib/assets/min/js/general/fusion-carousel68b3.js]
[www.qs.com/wp-content/themes/Avada/includes/lib/assets/min/js/general/fusion-flexslider68b3.js]
[www.qs.com/wp-content/themes/Avada/includes/lib/assets/min/js/general/fusion-popover68b3.js]
[www.qs.com/wp-content/themes/Avada/includes/lib/assets/min/js/general/fusion-tooltip68b3.js]
[www.qs.com/wp-content/themes/Avada/includes/lib/assets/min/js/general/fusion-sharing-box68b3.js]
[www.qs.com/wp-content/themes/Avada/includes/lib/assets/min/js/general/fusion-blog68b3.js]
[www.qs.com/wp-content/themes/Avada/includes/lib/assets/min/js/general/fusion-button68b3.js]
[www.qs.com/wp-content/themes/Avada/includes/lib/assets/min/js/general/fusion-general-global68b3.js]
[www.qs.com/wp-content/themes/Avada/includes/lib/assets/min/js/general/fusion-ie101168b3.js]
[www.qs.com/wp-content/themes/Avada/assets/min/js/general/avada-header7923.js]
[www.qs.com/wp-content/themes/Avada/assets/min/js/general/avada-menu7923.js]
[www.qs.com/wp-content/themes/Avada/includes/lib/assets/min/js/general/fusion-scroll-to-anchor68b3.js]
[www.qs.com/wp-content/themes/Avada/includes/lib/assets/min/js/general/fusion-responsive-typography68b3.js]
[www.qs.com/wp-content/themes/Avada/assets/min/js/library/bootstrap.scrollspyd617.js]
[www.qs.com/wp-content/themes/Avada/assets/min/js/general/avada-comments7923.js]
[www.qs.com/wp-content/themes/Avada/assets/min/js/general/avada-general-footer7923.js]
[www.qs.com/wp-content/themes/Avada/assets/min/js/general/avada-quantity7923.js]
[www.qs.com/wp-content/themes/Avada/assets/min/js/general/avada-scrollspy7923.js]
[www.qs.com/wp-content/themes/Avada/assets/min/js/general/avada-select7923.js]
[www.qs.com/wp-content/themes/Avada/assets/min/js/general/avada-sidebars7923.js]
[www.qs.com/wp-content/themes/Avada/assets/min/js/general/avada-tabs-widget7923.js]
[www.qs.com/wp-content/themes/Avada/assets/min/js/library/jquery.sticky-kit7923.js]
[www.qs.com/wp-content/themes/Avada/assets/min/js/library/jquery.toTop62ea.js]
[www.qs.com/wp-content/themes/Avada/assets/min/js/general/avada-to-top7923.js]
[www.qs.com/wp-content/themes/Avada/assets/min/js/general/avada-drop-down7923.js]
[www.qs.com/wp-content/themes/Avada/assets/min/js/general/avada-rev-styles7923.js]
[www.qs.com/wp-content/themes/Avada/assets/min/js/general/avada-elastic-slider7923.js]
[www.qs.com/wp-content/themes/Avada/assets/min/js/library/jquery.elasticslider7923.js]
[www.qs.com/wp-content/themes/Avada/assets/min/js/general/avada-events7923.js]
[www.qs.com/index.html]
[www.qs.com/wp-content/plugins/apply-online/public/css/applyonline-public055b.css]
[www.qs.com/wp-content/plugins/fusion-core/js/min/avada-fusion-slider68b3.js]
[www.qs.com/wp-includes/js/wp-embed.mincbf4.js]
[code.jquery.com/ui/1.12.1/themes/base/images/ui-icons_444444_256x240.png]
[code.jquery.com/ui/1.12.1/themes/base/images/ui-icons_555555_256x240.png]
[code.jquery.com/ui/1.12.1/themes/base/images/ui-icons_ffffff_256x240.png]
[code.jquery.com/ui/1.12.1/themes/base/images/ui-icons_777620_256x240.png]
[code.jquery.com/ui/1.12.1/themes/base/images/ui-icons_cc0000_256x240.png]
[code.jquery.com/ui/1.12.1/themes/base/images/ui-icons_777777_256x240.png]
[code.jquery.com/ui/1.12.1/themes/base/jquery-ui.mincbf4.css]
[www.qs.com/wp-content/plugins/LayerSlider/static/layerslider/css/layerslider9704.css]
[www.qs.com/wp-includes/css/dashicons.mincbf4.css]
[www.qs.com/wp-content/plugins/cookie-law-info/images/overlay.png]
[www.qs.com/wp-content/plugins/cookie-law-info/css/cli-stylee225.css]
[www.qs.com/wp-content/plugins/feedzy-rss-feeds/img/feedzy.svg]
[www.qs.com/wp-content/plugins/feedzy-rss-feeds/img/feedzy.png]
[www.qs.com/wp-content/plugins/feedzy-rss-feeds/css/feedzy-rss-feedsc092.css]
[www.qs.com/wp-content/plugins/the-events-calendar/src/resources/images/tribe-tooltips.png]
[www.qs.com/wp-includes/fonts/dashicons.eot]
[www.qs.com/wp-content/plugins/the-events-calendar/src/resources/images/events-bar/icon-month.png]
[www.qs.com/wp-content/plugins/the-events-calendar/src/resources/images/events-bar/icon-list.png]
[www.qs.com/wp-content/plugins/the-events-calendar/src/resources/images/events-bar/icon-week.png]
[www.qs.com/wp-content/plugins/the-events-calendar/src/resources/images/events-bar/icon-day.png]
[www.qs.com/wp-content/plugins/the-events-calendar/src/resources/images/events-bar/icon-photo.png]
[www.qs.com/wp-content/plugins/the-events-calendar/src/resources/images/events-bar/icon-map.png]
[www.qs.com/wp-content/plugins/the-events-calendar/src/resources/images/tribe-tooltips@2x.png]
[www.qs.com/wp-content/plugins/the-events-calendar/src/resources/images/events-bar/icon-search@2x.png]
[www.qs.com/wp-content/plugins/the-events-calendar/src/resources/images/events-bar/icon-gear@2x.png]
[www.qs.com/wp-content/plugins/the-events-calendar/common/vendor/tribe-select2/select2x2.png]
[www.qs.com/wp-content/plugins/the-events-calendar/src/resources/images/events-bar/icon-month@2x.png]
[www.qs.com/wp-content/plugins/the-events-calendar/src/resources/images/events-bar/icon-list@2x.png]
[www.qs.com/wp-content/plugins/the-events-calendar/src/resources/images/events-bar/icon-week@2x.png]
[www.qs.com/wp-content/plugins/the-events-calendar/src/resources/images/events-bar/icon-day@2x.png]
[www.qs.com/wp-content/plugins/the-events-calendar/src/resources/images/events-bar/icon-photo@2x.png]
[www.qs.com/wp-content/plugins/the-events-calendar/src/resources/images/events-bar/icon-map@2x.png]
[www.qs.com/wp-content/plugins/the-events-calendar/src/resources/css/tribe-events-full.minc1dd.css]
[www.qs.com/wp-content/plugins/the-events-calendar/src/resources/css/tribe-events-full-mobile.minc1dd.css]
[www.qs.com/wp-content/plugins/fusion-core/css/style.mincbf4.css]
[www.qs.com/wp-content/themes/Avada/assets/css/style.min7923.css]
[www.qs.com/wp-content/themes/Avada-Child-Theme/stylecbf4.css]
[www.qs.com/wp-content/themes/Avada-Child-Theme/css/iecbf4.css]
[www.qs.com/wp-content/themes/Avada/includes/lib/assets/fonts/fontawesome/fontawesome-webfont3e6e.woff2]
[www.qs.com/wp-content/themes/Avada/includes/lib/assets/fonts/fontawesome/fontawesome-webfont3e6e.eot]
[www.qs.com/wp-content/themes/Avada/includes/lib/assets/fonts/fontawesome/fontawesome-webfontd41d.eot]
[www.qs.com/wp-content/themes/Avada/includes/lib/assets/fonts/fontawesome/fontawesome-webfont3e6e.ttf]
[www.qs.com/wp-content/themes/Avada/includes/lib/assets/fonts/fontawesome/fontawesome-webfont3e6e.svg]
[www.qs.com/wp-content/themes/Avada/includes/lib/assets/fonts/fontawesome/font-awesome7923.css]
[www.qs.com/wp-content/plugins/fusion-builder/css/fusion-shortcodese7f0.css]
[www.qs.com/wp-content/plugins/fusion-builder/assets/css/animationse7f0.css]
[www.qs.com/wp-content/plugins/fusion-builder/assets/images/iLightbox/closedhand.cur]
[www.qs.com/wp-content/plugins/fusion-builder/assets/images/iLightbox/social_icons/facebook_16.png]
[www.qs.com/wp-content/plugins/fusion-builder/assets/images/iLightbox/social_icons/digg_16.png]
[www.qs.com/wp-content/plugins/fusion-builder/assets/images/iLightbox/social_icons/twitter_16.png]
[www.qs.com/wp-content/plugins/fusion-builder/assets/images/iLightbox/social_icons/delicious_16.png]
[www.qs.com/wp-content/plugins/fusion-builder/assets/images/iLightbox/social_icons/reddit_16.png]
[www.qs.com/wp-content/plugins/fusion-builder/assets/images/iLightbox/social_icons/google_plus_16.png]
[www.qs.com/wp-content/plugins/fusion-builder/assets/images/iLightbox/dark-skin/preloader.gif]
[www.qs.com/wp-content/themes/Avada/includes/lib/assets/fonts/fontawesome/fontawesome-webfont3e6e.woff]
[www.qs.com/wp-content/plugins/fusion-builder/assets/images/iLightbox/dark-skin/caption-bg.png]
[www.qs.com/wp-content/plugins/fusion-builder/assets/images/iLightbox/dark-skin/alert.png]
[www.qs.com/wp-content/plugins/fusion-builder/assets/images/iLightbox/dark-skin/buttons.png]
[www.qs.com/wp-content/plugins/fusion-builder/assets/images/iLightbox/dark-skin/fullscreen-icon-64.png]
[www.qs.com/wp-content/plugins/fusion-builder/assets/images/iLightbox/dark-skin/x-mark-icon-64.png]
[www.qs.com/wp-content/plugins/fusion-builder/assets/images/iLightbox/dark-skin/arrow-next-icon-64.png]
[www.qs.com/wp-content/plugins/fusion-builder/assets/images/iLightbox/dark-skin/arrow-prev-icon-64.png]
[www.qs.com/wp-content/plugins/fusion-builder/assets/images/iLightbox/dark-skin/play-icon-64.png]
[www.qs.com/wp-content/plugins/fusion-builder/assets/images/iLightbox/dark-skin/pause-icon-64.png]
[www.qs.com/wp-content/plugins/fusion-builder/assets/images/iLightbox/dark-skin/thumb-overlay-play.png]
[www.qs.com/wp-content/plugins/fusion-builder/assets/images/iLightbox/dark-skin/arrow-next-vertical-icon-64.png]
[www.qs.com/wp-content/plugins/fusion-builder/assets/images/iLightbox/dark-skin/arrow-prev-vertical-icon-64.png]
[www.qs.com/wp-content/plugins/fusion-builder/assets/images/iLightbox/light-skin/preloader.gif]
[www.qs.com/wp-content/plugins/fusion-builder/assets/images/iLightbox/light-skin/caption-bg.png]
[www.qs.com/wp-content/plugins/fusion-builder/assets/images/iLightbox/light-skin/alert.png]
[www.qs.com/wp-content/plugins/fusion-builder/assets/images/iLightbox/light-skin/buttons.png]
[www.qs.com/wp-content/plugins/fusion-builder/assets/images/iLightbox/light-skin/fullscreen-icon-64.png]
[www.qs.com/wp-content/plugins/fusion-builder/assets/images/iLightbox/light-skin/x-mark-icon-64.png]
[www.qs.com/wp-content/plugins/fusion-builder/assets/images/iLightbox/light-skin/arrow-next-icon-64.png]
[www.qs.com/wp-content/plugins/fusion-builder/assets/images/iLightbox/light-skin/arrow-prev-icon-64.png]
[www.qs.com/wp-content/plugins/fusion-builder/assets/images/iLightbox/light-skin/play-icon-64.png]
[www.qs.com/wp-content/plugins/fusion-builder/assets/images/iLightbox/light-skin/pause-icon-64.png]
[www.qs.com/wp-content/plugins/fusion-builder/assets/images/iLightbox/light-skin/thumb-overlay-play.png]
[www.qs.com/wp-content/plugins/fusion-builder/assets/images/iLightbox/light-skin/arrow-next-vertical-icon-64.png]
[www.qs.com/wp-content/plugins/fusion-builder/assets/images/iLightbox/light-skin/arrow-prev-vertical-icon-64.png]
[www.qs.com/wp-content/plugins/fusion-builder/assets/images/iLightbox/mac-skin/preloader.gif]
[www.qs.com/wp-content/plugins/fusion-builder/assets/images/iLightbox/mac-skin/caption-bg.png]
[www.qs.com/wp-content/plugins/fusion-builder/assets/images/iLightbox/mac-skin/alert.png]
[www.qs.com/wp-content/plugins/fusion-builder/assets/images/iLightbox/mac-skin/close-25.png]
[www.qs.com/wp-content/plugins/fusion-builder/assets/images/iLightbox/mac-skin/resize-25.png]
[www.qs.com/wp-content/plugins/fusion-builder/assets/images/iLightbox/mac-skin/play-25.png]
[www.qs.com/wp-content/plugins/fusion-builder/assets/images/iLightbox/mac-skin/pause-25.png]
[www.qs.com/wp-content/plugins/fusion-builder/assets/images/iLightbox/mac-skin/resize-50.png]
[www.qs.com/wp-content/plugins/fusion-builder/assets/images/iLightbox/mac-skin/close-50.png]
[www.qs.com/wp-content/plugins/fusion-builder/assets/images/iLightbox/mac-skin/forward-50.png]
[www.qs.com/wp-content/plugins/fusion-builder/assets/images/iLightbox/mac-skin/back-50.png]
[www.qs.com/wp-content/plugins/fusion-builder/assets/images/iLightbox/mac-skin/play-50.png]
[www.qs.com/wp-content/plugins/fusion-builder/assets/images/iLightbox/mac-skin/pause-50.png]
[www.qs.com/wp-content/plugins/fusion-builder/assets/images/iLightbox/mac-skin/thumb-overlay-play.png]
[www.qs.com/wp-content/plugins/fusion-builder/assets/images/iLightbox/mac-skin/forward-vertical-50.png]
[www.qs.com/wp-content/plugins/fusion-builder/assets/images/iLightbox/mac-skin/back-vertical-50.png]
[www.qs.com/wp-content/plugins/fusion-builder/assets/images/iLightbox/metro-black-skin/preloader.gif]
[www.qs.com/wp-content/plugins/fusion-builder/assets/images/iLightbox/metro-black-skin/caption-bg.png]
[www.qs.com/wp-content/plugins/fusion-builder/assets/images/iLightbox/metro-black-skin/social-bg.png]
[www.qs.com/wp-content/plugins/fusion-builder/assets/images/iLightbox/metro-black-skin/alert.png]
[www.qs.com/wp-content/plugins/fusion-builder/assets/images/iLightbox/metro-black-skin/buttons.png]
[www.qs.com/wp-content/plugins/fusion-builder/assets/images/iLightbox/metro-black-skin/fullscreen-icon-64.png]
[www.qs.com/wp-content/plugins/fusion-builder/assets/images/iLightbox/metro-black-skin/x-mark-icon-64.png]
[www.qs.com/wp-content/plugins/fusion-builder/assets/images/iLightbox/metro-black-skin/arrow-next-icon-64.png]
[www.qs.com/wp-content/plugins/fusion-builder/assets/images/iLightbox/metro-black-skin/arrow-prev-icon-64.png]
[www.qs.com/wp-content/plugins/fusion-builder/assets/images/iLightbox/metro-black-skin/play-icon-64.png]
[www.qs.com/wp-content/plugins/fusion-builder/assets/images/iLightbox/metro-black-skin/pause-icon-64.png]
[www.qs.com/wp-content/plugins/fusion-builder/assets/images/iLightbox/metro-black-skin/thumb-overlay-play.png]
[www.qs.com/wp-content/plugins/fusion-builder/assets/images/iLightbox/metro-black-skin/arrows_vertical.png]
[www.qs.com/wp-content/plugins/fusion-builder/assets/images/iLightbox/metro-black-skin/arrows_horizontal.png]
[www.qs.com/wp-content/plugins/fusion-builder/assets/images/iLightbox/metro-white-skin/preloader.gif]
[www.qs.com/wp-content/plugins/fusion-builder/assets/images/iLightbox/metro-white-skin/caption-bg.png]
[www.qs.com/wp-content/plugins/fusion-builder/assets/images/iLightbox/metro-white-skin/social-bg.png]
[www.qs.com/wp-content/plugins/fusion-builder/assets/images/iLightbox/metro-white-skin/alert.png]
[www.qs.com/wp-content/plugins/fusion-builder/assets/images/iLightbox/metro-white-skin/buttons.png]
[www.qs.com/wp-content/plugins/fusion-builder/assets/images/iLightbox/metro-white-skin/fullscreen-icon-64.png]
[www.qs.com/wp-content/plugins/fusion-builder/assets/images/iLightbox/metro-white-skin/fullscreen-hover-icon-64.png]
[www.qs.com/wp-content/plugins/fusion-builder/assets/images/iLightbox/metro-white-skin/x-mark-icon-64.png]
[www.qs.com/wp-content/plugins/fusion-builder/assets/images/iLightbox/metro-white-skin/x-mark-hover-icon-64.png]
[www.qs.com/wp-content/plugins/fusion-builder/assets/images/iLightbox/metro-white-skin/arrow-next-icon-64.png]
[www.qs.com/wp-content/plugins/fusion-builder/assets/images/iLightbox/metro-white-skin/arrow-next-hover-icon-64.png]
[www.qs.com/wp-content/plugins/fusion-builder/assets/images/iLightbox/metro-white-skin/arrow-prev-icon-64.png]
[www.qs.com/wp-content/plugins/fusion-builder/assets/images/iLightbox/metro-white-skin/arrow-prev-hover-icon-64.png]
[www.qs.com/wp-content/plugins/fusion-builder/assets/images/iLightbox/metro-white-skin/play-icon-64.png]
[www.qs.com/wp-content/plugins/fusion-builder/assets/images/iLightbox/metro-white-skin/play-hover-icon-64.png]
[www.qs.com/wp-content/plugins/fusion-builder/assets/images/iLightbox/metro-white-skin/pause-icon-64.png]
[www.qs.com/wp-content/plugins/fusion-builder/assets/images/iLightbox/metro-white-skin/pause-hover-icon-64.png]
[www.qs.com/wp-content/plugins/fusion-builder/assets/images/iLightbox/metro-white-skin/thumb-overlay-play.png]
[www.qs.com/wp-content/plugins/fusion-builder/assets/images/iLightbox/metro-white-skin/arrows_vertical.png]
[www.qs.com/wp-content/plugins/fusion-builder/assets/images/iLightbox/metro-white-skin/arrows_horizontal.png]
[www.qs.com/wp-content/plugins/fusion-builder/assets/images/iLightbox/parade-skin/pattern.png]
[www.qs.com/wp-content/plugins/fusion-builder/assets/images/iLightbox/parade-skin/preloader.gif]
[www.qs.com/wp-content/plugins/fusion-builder/assets/images/iLightbox/parade-skin/caption-bg.png]
[www.qs.com/wp-content/plugins/fusion-builder/assets/images/iLightbox/parade-skin/alert.png]
[www.qs.com/wp-content/plugins/fusion-builder/assets/images/iLightbox/parade-skin/buttons.png]
[www.qs.com/wp-content/plugins/fusion-builder/assets/images/iLightbox/parade-skin/thumb-overlay-play.png]
[www.qs.com/wp-content/plugins/fusion-builder/assets/images/iLightbox/smooth-skin/preloader.gif]
[www.qs.com/wp-content/plugins/fusion-builder/assets/images/iLightbox/smooth-skin/caption-bg.png]
[www.qs.com/wp-content/plugins/fusion-builder/assets/images/iLightbox/smooth-skin/alert.png]
[www.qs.com/wp-content/plugins/fusion-builder/assets/images/iLightbox/smooth-skin/buttons.png]
[www.qs.com/wp-content/plugins/fusion-builder/assets/images/iLightbox/smooth-skin/fullscreen-icon-64.png]
[www.qs.com/wp-content/plugins/fusion-builder/assets/images/iLightbox/smooth-skin/x-mark-icon-64.png]
[www.qs.com/wp-content/plugins/fusion-builder/assets/images/iLightbox/smooth-skin/arrow-next-icon-64.png]
[www.qs.com/wp-content/plugins/fusion-builder/assets/images/iLightbox/smooth-skin/arrow-prev-icon-64.png]
[www.qs.com/wp-content/plugins/fusion-builder/assets/images/iLightbox/smooth-skin/play-icon-64.png]
[www.qs.com/wp-content/plugins/fusion-builder/assets/images/iLightbox/smooth-skin/pause-icon-64.png]
[www.qs.com/wp-content/plugins/fusion-builder/assets/images/iLightbox/smooth-skin/thumb-overlay-play.png]
[www.qs.com/wp-content/plugins/fusion-builder/assets/images/iLightbox/smooth-skin/arrows_vertical.png]
[www.qs.com/wp-content/plugins/fusion-builder/assets/images/iLightbox/smooth-skin/arrows_horizontal.png]
[www.qs.com/wp-content/plugins/fusion-builder/assets/css/ilightboxe7f0.css]
[www.qs.com/wp-content/plugins/tablepress/css/default.min3aa8.css]
[www.qs.com/indexefd7.html]
[www.qs.com/wp-content/themes/Avada/includes/lib/assets/fonts/icomoon/icomoon.svg]
[munchkin.marketo.net/munchkin.js]
[www.qs.com/cdn-cgi/l/email-protection.html]
[www.qs.com/wp-content/plugins/tablepress/css/tablepress.eot]
[www.qs.com/wp-content/plugins/tablepress/css/tablepressd41d.eot]
[www.qs.com/wp-content/uploads/2017/06/shutterstock_558464335.jpg]
[www.qs.com/wp-content/uploads/2017/06/shutterstock_653664334.jpg]
[www.qs.com/wp-content/uploads/2017/06/shutterstock_653606224.jpg]
[www.qs.com/students.html]
[www.qs.com/for-institutions/index.html]
[www.qs.com/for-institutions/admissions-office-services/index.html]
[www.qs.com/for-institutions/international-office-services/index.html]
[www.qs.com/wp-content/uploads/2017/05/Untitled-10.png]
[www.qs.com/wp-content/uploads/2012/07/shutterstock_108827678-e1498411717692.jpg]
[www.qs.com/for-institutions/marketing-department-services/index.html]
[www.qs.com/for-institutions/office-for-planning-strategy-research/index.html]
[www.qs.com/for-institutions/office-of-vice-chancellor-president-services/index.html]
[www.qs.com/solutions/index.html]
[www.qs.com/wp-content/uploads/2017/06/consulting_slide4.png]
[www.qs.com/wp-content/uploads/2017/06/Tecnológico-de-Monterrey.png]
[www.qs.com/wp-content/uploads/2017/05/shutterstock_290693624.jpg]
[www.qs.com/solutions/consulting/index.html]
[www.qs.com/wp-content/uploads/2017/06/moveonefront.jpg]
[www.qs.com/wp-content/uploads/2012/07/shutterstock_654417682-150x150.jpg]
[www.qs.com/solutions/crm-solutions/index.html]
[www.qs.com/wp-content/uploads/2017/06/TMBACG_SP_17_Cover.jpg]
[www.qs.com/wp-content/uploads/2017/06/TopEXEC_SP_17_Cover.jpg]
[www.qs.com/wp-content/uploads/2017/06/TGSG_16_Cover.jpg]
[www.qs.com/wp-content/uploads/2017/06/TUG_Cover.jpg]
[www.qs.com/wp-content/uploads/2017/06/QS_wownews_Cover.jpg]
[www.qs.com/wp-content/uploads/2017/06/cloud.jpg]
[www.qs.com/wp-content/uploads/2017/06/TGSG_16_Cover-e1498335943495.jpg]
[www.qs.com/solutions/print-advertising/index.html]
[www.qs.com/wp-content/uploads/2017/06/research_slide3.png]
[www.qs.com/wp-content/uploads/2017/06/shutterstock_530012023.jpg]
[www.qs.com/solutions/research-intelligence/index.html]
[www.qs.com/wp-content/uploads/2017/09/HS-Infographics-Offer-Conversion.jpg]
[www.qs.com/wp-content/uploads/2017/09/HS-Infographics-SE-R.jpg]
[www.qs.com/wp-content/uploads/2017/10/iStock-602293276.jpg]
[www.qs.com/wp-content/uploads/2018/11/2018-11-13_13h05_50-e1542193639835.png]
[www.qs.com/wp-content/uploads/2017/09/marketingcommunications-e1507125560891.png]
[www.qs.com/wp-content/uploads/2017/09/insightsandstrategy-e1507125609926.png]
[www.qs.com/wp-content/uploads/2017/09/enquirymanagement-e1507125634705.png]
[www.qs.com/wp-content/uploads/2017/09/admissionsservices-e1507125655502.png]
[www.qs.com/wp-content/uploads/2017/09/offerconversion-e1507125525653.png]
[www.qs.com/enrolment-solutions/index.html]
[www.qs.com/wp-content/uploads/2017/06/wmt_premium_sml.gif]
[www.qs.com/wp-content/uploads/2017/06/91.jpg]
[www.qs.com/wp-content/uploads/2017/06/wut-1.jpg]
[www.qs.com/wp-content/uploads/2017/06/wgst.jpg]
[www.qs.com/wp-content/uploads/2017/06/wgst-2-1.jpg]
[www.qs.com/wp-content/uploads/2018/01/0F4A6135.jpg]
[www.qs.com/solutions/higher-education-events/index.html]
[www.qs.com/solutions/higher-education-events/mba-event-options/index.html]
[www.qs.com/solutions/higher-education-events/undergraduate-event-options/index.html]
[www.qs.com/solutions/higher-education-events/postgraduate-event-options/index.html]
[www.qs.com/solutions/higher-education-events/stem-programs-event-options/index.html]
[www.qs.com/solutions/online-marketing/index.html]
[www.qs.com/rankings/index.html]
[www.qs.com/blog/index.html]
[www.qs.com/client-successes-and-testimonials/index.html]
[www.qs.com/higher-education-tl-conferences/index.html]
[www.qs.com/events/index.html]
[www.qs.com/newsletters/index.html]
[www.qs.com/qs-industry-reports/index.html]
[www.qs.com/qs-white-papers/index.html]
[www.qs.com/industry-webinars/index.html]
[www.qs.com/contact/index.html]
[www.qs.com/author/bhavesh/index.html]
[www.qs.com/higher-education-events/index.html]
[www.qs.com/research-intelligence/index.html]
[www.qs.com/portfolio-items/indian-applicants-focus-on-stem-subjects-and-academic-freedom/index.html]
[www.qs.com/portfolio-items/2019-qs-world-university-rankings-arab-region-supplement/index.html]
[www.qs.com/is-the-growth-of-international-higher-education-in-the-uk-sustainable/index.html]
[www.qs.com/qs-latin-america-university-rankings-2019-focus-on-mexico/index.html]
[www.qs.com/qs-brics-rankings-2019-higher-education-trends-in-brazil/index.html]
[www.qs.com/portfolio-items/re-technology-pedagogical-innovation/index.html]
[www.qs.com/portfolio-items/the-global-skills-gap-student-misperceptions-and-institutional-solutions/index.html]
[www.qs.com/event/qsworldmbatour-2018-11-29/index.html]
[www.qs.com/event/qsworldgradschooltour-2018-11-29/index.html]
[www.qs.com/event/qsconnectmaster-2018-12-01/index.html]
[www.qs.com/faq-items/new-rankings-reveal-the-best-business-schools-for-getting-a-job-or-becoming-an-entrepreneur/index.html]
[www.qs.com/faq-items/qs-acquisition_2017/index.html]
[www.qs.com/students/index.html]
[www.qs.com/events/higher-education-conferences/index.html]
[www.qs.com/about-us/index.html]
[www.qs.com/history/index.html]
[www.qs.com/press-center/index.html]
[www.qs.com/offices/index.html]
[www.qs.com/careers-job-opportunities/index.html]
[www.qs.com/offices.html]
[www.qs.com/terms-and-conditions/index.html]
[www.qs.com/privacy-policy/index.html]
[www.qs.com/cookies-policy/index.html]
[www.qs.com/wp-admin/admin-ajax.html]
[www.qs.com/wp-content/plugins/feedzy-rss-feeds/img/feedzy.svg]
[www.qs.com/wp-content/uploads/2018/03/iStock-836473842.jpg]
[www.qs.com/wp-content/themes/Avada/includes/lib/assets/fonts/fontawesome/fontawesome-webfont3e6e.svg]
[www.qs.com/students/feed/index.html]
[www.qs.com/index6eef.html]
[www.qs.com/wp-json/oembed/1.0/embedd0d2.html]
[www.qs.com/wp-json/oembed/1.0/embed193b.html]
[www.qs.com/for-institutions/feed/index.html]
[www.qs.com/indexae74.html]
[www.qs.com/wp-json/oembed/1.0/embedd1a8.html]
[www.qs.com/wp-json/oembed/1.0/embed29fa.html]
[www.qs.com/index2045.html]
[www.qs.com/for-institutions/for-institutions/office-for-planning-strategy-research/index.html]
[www.qs.com/for-institutions/admissions-office-services/feed/index.html]
[www.qs.com/index4123.html]
[www.qs.com/wp-json/oembed/1.0/embed89d5.html]
[www.qs.com/wp-json/oembed/1.0/embedfea5.html]
[www.qs.com/indexd3bd.html]
[www.qs.com/for-institutions/international-office-services/feed/index.html]
[www.qs.com/index01e9.html]
[www.qs.com/wp-json/oembed/1.0/embedd6eb.html]
[www.qs.com/wp-json/oembed/1.0/embed45cb.html]
[www.qs.com/for-institutions/marketing-department-services/feed/index.html]
[www.qs.com/index9352.html]
[www.qs.com/wp-json/oembed/1.0/embed3f86.html]
[www.qs.com/wp-json/oembed/1.0/embed6e8b.html]
[www.qs.com/index2469.html]
[www.qs.com/topuniversity-solutions-overview/tu-display-advertising/index.html]
[www.qs.com/business-school-marketing/tm-display-advertising/index.html]
[www.qs.com/contact.html]
[www.qs.com/topuniversity-solutions-overview/tu-advanced-profile/index.html]
[www.qs.com/business-school-marketing/tm-advanced-profile/index.html]
[www.qs.com/online-advertising-copy-2-copy/tu-email/index.html]
[www.qs.com/business-school-marketing/tm-email/index.html]
[www.qs.com/for-institutions/office-for-planning-strategy-research/feed/index.html]
[www.qs.com/indexc403.html]
[www.qs.com/wp-json/oembed/1.0/embed66d8.html]
[www.qs.com/wp-json/oembed/1.0/embed06db.html]
[www.qs.com/index221b.html]
[www.qs.com/solutions/research-intelligence/qs-stars/index.html]
[www.qs.com/solutions/research-intelligence/qs-rankings-tracker/index.html]
[www.qs.com/solutions/research-intelligence/qsiu-market-insights-services/index.html]
[www.qs.com/solutions/research-intelligence/qs-consulting-services/index.html]
[www.qs.com/solutions/research-intelligence/qs-employer-reputation-tracker/index.html]
[www.qs.com/solutions/research-intelligence/qsiu-branding-rankings-supplement/index.html]
[www.qs.com/solutions/research-intelligence/academicreputation-dataset/index.html]
[www.qs.com/solutions/research-intelligence/qs-subject-rankings-tracker/index.html]
[www.qs.com/for-institutions/office-of-vice-chancellor-president-services/feed/index.html]
[www.qs.com/index416a.html]
[www.qs.com/wp-json/oembed/1.0/embedfb59.html]
[www.qs.com/wp-json/oembed/1.0/embeda529.html]
[www.qs.com/index8452.html]
[www.qs.com/solutions/feed/index.html]
[www.qs.com/index7914.html]
[www.qs.com/wp-json/oembed/1.0/embed133f.html]
[www.qs.com/wp-json/oembed/1.0/embedf513.html]
[www.qs.com/index56a4.html]
[www.qs.com/solutions/consulting/feed/index.html]
[www.qs.com/index797b.html]
[www.qs.com/wp-json/oembed/1.0/embed92c3.html]
[www.qs.com/wp-json/oembed/1.0/embedaf15.html]
[www.qs.com/indexd6a4.html]
[www.qs.com/solutions/crm-solutions/feed/index.html]
[www.qs.com/index657d.html]
[www.qs.com/wp-json/oembed/1.0/embed8d6b.html]
[www.qs.com/wp-json/oembed/1.0/embed24c3.html]
[www.qs.com/index51d1.html]
[www.qs.com/solutions/print-advertising/feed/index.html]
[www.qs.com/index523a.html]
[www.qs.com/wp-json/oembed/1.0/embed235c.html]
[www.qs.com/wp-json/oembed/1.0/embed1857.html]
[www.qs.com/index4c75.html]
[www.qs.com/solutions/research-intelligence/feed/index.html]
[www.qs.com/indexa2d1.html]
[www.qs.com/wp-json/oembed/1.0/embed83a2.html]
[www.qs.com/wp-json/oembed/1.0/embed77e1.html]
[www.qs.com/index0cfb.html]
[www.qs.com/qs-rankings-tracker/index.html]
[www.qs.com/academicreputation-dataset.html]
[www.qs.com/qs-employer-reputation-tracker/index.html]
[www.qs.com/qs-subject-rankings-tracker/index.html]
[www.qs.com/qsiu-market-insights-services/index.html]
[www.qs.com/enrolment-solutions/feed/index.html]
[www.qs.com/indexc1f8.html]
[www.qs.com/wp-json/oembed/1.0/embed8eb8.html]
[www.qs.com/wp-json/oembed/1.0/embed5a19.html]
[www.qs.com/indexcfcc.html]
[www.qs.com/wp-content/uploads/2017/06/shutterstock_530012023.jpg]
[www.qs.com/wp-content/uploads/2017/10/iStock-602293276.jpg]
[www.qs.com/enrolment-solutions/enrolment-solutions/index.html]
[www.qs.com/solutions/higher-education-events/feed/index.html]
[www.qs.com/indexc879.html]
[www.qs.com/wp-json/oembed/1.0/embed9973.html]
[www.qs.com/wp-json/oembed/1.0/embed43c1.html]
[www.qs.com/index3ea2.html]
[www.qs.com/wp-content/uploads/2018/01/0F4A6135.jpg]
[www.qs.com/wp-content/uploads/2018/03/iStock-836473842.jpg]
